loaded 1020 rows
split: train=714 val=136 test=170
  train objs (21): ['obj_00', 'obj_01', 'obj_02', 'obj_03', 'obj_05', 'obj_06', 'obj_07', 'obj_08', 'obj_10', 'obj_16', 'obj_17', 'obj_18', 'obj_19', 'obj_20', 'obj_21', 'obj_22', 'obj_24', 'obj_25', 'obj_27', 'obj_28', 'obj_29']
  val objs   (4): ['obj_04', 'obj_13', 'obj_14', 'obj_15']
  test objs  (5): ['obj_09', 'obj_11', 'obj_12', 'obj_23', 'obj_26']
      epoch 00 loss=0.4371 val_AUROC=0.6534
      epoch 01 loss=0.1421 val_AUROC=0.6896
      epoch 02 loss=0.0904 val_AUROC=0.6874
      epoch 03 loss=0.0707 val_AUROC=0.6854
      epoch 04 loss=0.0617 val_AUROC=0.7376
      epoch 05 loss=0.0517 val_AUROC=0.7226
      epoch 06 loss=0.0502 val_AUROC=0.7476
      epoch 07 loss=0.0402 val_AUROC=0.7642
      epoch 08 loss=0.0359 val_AUROC=0.7622
      epoch 09 loss=0.0327 val_AUROC=0.7668
      epoch 10 loss=0.0284 val_AUROC=0.7734
      epoch 11 loss=0.0271 val_AUROC=0.7722
      epoch 12 loss=0.0246 val_AUROC=0.7764
      epoch 13 loss=0.0229 val_AUROC=0.7765
      epoch 14 loss=0.0207 val_AUROC=0.7766
      epoch 15 loss=0.0198 val_AUROC=0.7776
      epoch 16 loss=0.0194 val_AUROC=0.7774
      epoch 17 loss=0.0176 val_AUROC=0.7783
      epoch 18 loss=0.0152 val_AUROC=0.7741
      epoch 19 loss=0.0139 val_AUROC=0.7812
      epoch 20 loss=0.0140 val_AUROC=0.7791
      epoch 21 loss=0.0120 val_AUROC=0.7795
      epoch 22 loss=0.0131 val_AUROC=0.7751
      epoch 23 loss=0.0105 val_AUROC=0.7768
      epoch 24 loss=0.0099 val_AUROC=0.7776
      epoch 25 loss=0.0100 val_AUROC=0.7725
      early stop at epoch 25
  TEST resnet50: AUROC=0.8234 F1=0.5726 latFIS=0.7934 outFIS=0.9406 lat=4.9ms
      epoch 00 loss=0.2711 val_AUROC=0.6868
      epoch 01 loss=0.0973 val_AUROC=0.7406
      epoch 02 loss=0.0615 val_AUROC=0.7507
      epoch 03 loss=0.0694 val_AUROC=0.7549
      epoch 04 loss=0.0498 val_AUROC=0.7493
      epoch 05 loss=0.0457 val_AUROC=0.7415
      epoch 06 loss=0.0435 val_AUROC=0.7321
      epoch 07 loss=0.0375 val_AUROC=0.7369
      epoch 08 loss=0.0347 val_AUROC=0.7412
      epoch 09 loss=0.0330 val_AUROC=0.7323
      early stop at epoch 9
  TEST vit_b16: AUROC=0.8230 F1=0.5995 latFIS=0.9006 outFIS=0.9689 lat=41.1ms
      epoch 00 loss=0.5743 val_AUROC=0.6908
      epoch 01 loss=0.2278 val_AUROC=0.7390
      epoch 02 loss=0.1666 val_AUROC=0.7596
      epoch 03 loss=0.1330 val_AUROC=0.7721
      epoch 04 loss=0.1123 val_AUROC=0.7746
      epoch 05 loss=0.0996 val_AUROC=0.7742
      epoch 06 loss=0.0856 val_AUROC=0.7835
      epoch 07 loss=0.0783 val_AUROC=0.7836
      epoch 08 loss=0.0759 val_AUROC=0.7910
      epoch 09 loss=0.0710 val_AUROC=0.7892
      epoch 10 loss=0.0698 val_AUROC=0.7875
      epoch 11 loss=0.0646 val_AUROC=0.7865
      epoch 12 loss=0.0674 val_AUROC=0.7919
      epoch 13 loss=0.0599 val_AUROC=0.7924
      epoch 14 loss=0.0549 val_AUROC=0.7882
      epoch 15 loss=0.0570 val_AUROC=0.7917
      epoch 16 loss=0.0513 val_AUROC=0.7925
      epoch 17 loss=0.0456 val_AUROC=0.7912
      epoch 18 loss=0.0484 val_AUROC=0.7917
      epoch 19 loss=0.0444 val_AUROC=0.7947
      epoch 20 loss=0.0431 val_AUROC=0.7940
      epoch 21 loss=0.0439 val_AUROC=0.7938
      epoch 22 loss=0.0432 val_AUROC=0.7938
      epoch 23 loss=0.0427 val_AUROC=0.7940
      epoch 24 loss=0.0412 val_AUROC=0.7946
      epoch 25 loss=0.0388 val_AUROC=0.7939
      early stop at epoch 25
  TEST clip_b32: AUROC=0.8543 F1=0.6391 latFIS=0.9454 outFIS=0.9626 lat=11.9ms
      epoch 00 loss=0.3127 val_AUROC=0.6209
      epoch 01 loss=0.0937 val_AUROC=0.7129
      epoch 02 loss=0.0900 val_AUROC=0.7211
      epoch 03 loss=0.0653 val_AUROC=0.7345
      epoch 04 loss=0.0483 val_AUROC=0.7709
      epoch 05 loss=0.0434 val_AUROC=0.7734
      epoch 06 loss=0.0428 val_AUROC=0.7827
      epoch 07 loss=0.0338 val_AUROC=0.7901
      epoch 08 loss=0.0350 val_AUROC=0.7657
      epoch 09 loss=0.0340 val_AUROC=0.7773
      epoch 10 loss=0.0309 val_AUROC=0.7727
      epoch 11 loss=0.0348 val_AUROC=0.7983
      epoch 12 loss=0.0293 val_AUROC=0.7977
      epoch 13 loss=0.0316 val_AUROC=0.7849
      epoch 14 loss=0.0292 val_AUROC=0.8098
      epoch 15 loss=0.0233 val_AUROC=0.8084
      epoch 16 loss=0.0290 val_AUROC=0.7991
      epoch 17 loss=0.0246 val_AUROC=0.8004
      epoch 18 loss=0.0238 val_AUROC=0.7927
      epoch 19 loss=0.0223 val_AUROC=0.8201
      epoch 20 loss=0.0245 val_AUROC=0.8073
      epoch 21 loss=0.0198 val_AUROC=0.8097
      epoch 22 loss=0.0187 val_AUROC=0.7969
      epoch 23 loss=0.0211 val_AUROC=0.8031
      epoch 24 loss=0.0164 val_AUROC=0.8107
      epoch 25 loss=0.0188 val_AUROC=0.7992
      early stop at epoch 25
  TEST dinov2: AUROC=0.8632 F1=0.5779 latFIS=0.8823 outFIS=0.9669 lat=12.0ms
      epoch 00 loss=0.3071 val_AUROC=0.6913
      epoch 01 loss=0.1544 val_AUROC=0.7160
      epoch 02 loss=0.1303 val_AUROC=0.7684
      epoch 03 loss=0.1196 val_AUROC=0.7438
      epoch 04 loss=0.1076 val_AUROC=0.7926
      epoch 05 loss=0.1008 val_AUROC=0.7970
      epoch 06 loss=0.1002 val_AUROC=0.7949
      epoch 07 loss=0.0942 val_AUROC=0.7978
      epoch 08 loss=0.1020 val_AUROC=0.7953
      epoch 09 loss=0.1035 val_AUROC=0.7762
      epoch 10 loss=0.0953 val_AUROC=0.7817
      epoch 11 loss=0.0939 val_AUROC=0.7969
      epoch 12 loss=0.0845 val_AUROC=0.8007
      epoch 13 loss=0.0835 val_AUROC=0.8101
      epoch 14 loss=0.0856 val_AUROC=0.7941
  TEST ffal: AUROC=0.8483 F1=0.5564 latFIS=0.8882 outFIS=0.9610 lat=11.9ms

Wrote /Users/hwangjeyeong/.openclaw/workspace/ai-papers-repo/affordance_vision/real_v3/results/baselines_real.json
