
====================================================================
v3.2 training  device=mps  backbones=['ffal']
====================================================================
epochs=300 batch=128 lr=0.001 wd=0.0001 patience=80 lambda_fi=0.5 n_views_fi=2
loaded 10000 rows from /Users/hwangjeyeong/.openclaw/workspace/ai-papers-repo/affordance_vision/real_v3/data/v32/affordances_v32.jsonl
split: train=7000 val=1500 test=1500 objects: train=70 val=15 test=15

====================================================================
Backbone: ffal (v3.2 DeepResidualHead)
====================================================================
/Users/hwangjeyeong/Library/Python/3.9/lib/python/site-packages/urllib3/__init__.py:35: NotOpenSSLWarning: urllib3 v2 only supports OpenSSL 1.1.1+, currently the 'ssl' module is compiled with 'LibreSSL 2.8.3'. See: https://github.com/urllib3/urllib3/issues/3020
  warnings.warn(
[timed] backbone-ffal setup: 0.94s
      [ffal-train] feature precompute pass 1/2 done
      [ffal-train] feature precompute pass 2/2 done
      [ffal-val] feature precompute pass 1/1 done
      [ffal-fi-views] feature precompute pass 1/2 done
      [ffal-fi-views] feature precompute pass 2/2 done
      epoch 000 bce=0.8311 fi=0.0808 val_AUROC=0.7212
      epoch 020 bce=0.3166 fi=0.0354 val_AUROC=0.8955
      epoch 040 bce=0.2897 fi=0.0337 val_AUROC=0.8643
      epoch 060 bce=0.2435 fi=0.0308 val_AUROC=0.8792
      epoch 080 bce=0.2242 fi=0.0291 val_AUROC=0.8565
      epoch 100 bce=0.1760 fi=0.0203 val_AUROC=0.8817
      epoch 120 bce=0.1592 fi=0.0175 val_AUROC=0.8589
      epoch 140 bce=0.1614 fi=0.0197 val_AUROC=0.8645
      early stop at epoch 145 (best 0.9058 @ epoch 65)
[timed] ffal-v32 training: 898.34s
[timed] test+stability (ffal v3.2): 275.12s
  TEST ffal (v3.2): AUROC=0.8904 F1=0.7049 latFIS=0.8927 outFIS=0.9594 lat=29.7ms train=898.3s

Wrote /Users/hwangjeyeong/.openclaw/workspace/ai-papers-repo/affordance_vision/real_v3/results/baselines_v32_ffal_retry.json  (total 19.6 min)
Wrote /Users/hwangjeyeong/.openclaw/workspace/ai-papers-repo/affordance_vision/real_v3/results/baselines_v32_ffal_retry.md
